
===========================================================================
 report_power
============================================================================
======================= nom_typ_1p20V_25C Corner ===================================

Group                    Internal    Switching      Leakage        Total
                            Power        Power        Power        Power (Watts)
------------------------------------------------------------------------
Sequential           0.000000e+00 0.000000e+00 0.000000e+00 0.000000e+00   0.0%
Combinational        1.209215e-07 2.949793e-07 3.420922e-09 4.193217e-07   7.6%
Clock                0.000000e+00 0.000000e+00 5.123600e-06 5.123600e-06  92.4%
Macro                0.000000e+00 0.000000e+00 0.000000e+00 0.000000e+00   0.0%
Pad                  0.000000e+00 0.000000e+00 0.000000e+00 0.000000e+00   0.0%
------------------------------------------------------------------------
Total                1.209215e-07 2.949793e-07 5.127026e-06 5.542926e-06 100.0%
                             2.2%         5.3%        92.5%

