
===========================================================================
 report_power
============================================================================
======================= nom_fast_1p32V_m40C Corner ===================================

Group                    Internal    Switching      Leakage        Total
                            Power        Power        Power        Power (Watts)
------------------------------------------------------------------------
Sequential           0.000000e+00 0.000000e+00 0.000000e+00 0.000000e+00   0.0%
Combinational        1.476179e-07 3.604097e-07 7.440873e-09 5.154685e-07   2.6%
Clock                0.000000e+00 0.000000e+00 1.902169e-05 1.902169e-05  97.4%
Macro                0.000000e+00 0.000000e+00 0.000000e+00 0.000000e+00   0.0%
Pad                  0.000000e+00 0.000000e+00 0.000000e+00 0.000000e+00   0.0%
------------------------------------------------------------------------
Total                1.476179e-07 3.604097e-07 1.902914e-05 1.953717e-05 100.0%
                             0.8%         1.8%        97.4%

