
Circuit 1 cell sg13_lv_pmos and Circuit 2 cell sg13_lv_pmos are black boxes.

Subcircuit pins:
Circuit 1: sg13_lv_pmos                    |Circuit 2: sg13_lv_pmos                    
-------------------------------------------|-------------------------------------------
1                                          |1                                          
2                                          |2                                          
3                                          |3                                          
4                                          |4                                          
---------------------------------------------------------------------------------------
Cell pin lists are equivalent.
Device classes sg13_lv_pmos and sg13_lv_pmos are equivalent.

Circuit 1 cell sg13_lv_nmos and Circuit 2 cell sg13_lv_nmos are black boxes.

Subcircuit pins:
Circuit 1: sg13_lv_nmos                    |Circuit 2: sg13_lv_nmos                    
-------------------------------------------|-------------------------------------------
1                                          |1                                          
2                                          |2                                          
3                                          |3                                          
4                                          |4                                          
---------------------------------------------------------------------------------------
Cell pin lists are equivalent.
Device classes sg13_lv_nmos and sg13_lv_nmos are equivalent.

Subcircuit summary:
Circuit 1: sg13cmos5l_nand3_1              |Circuit 2: sg13cmos5l_nand3_1              
-------------------------------------------|-------------------------------------------
sg13_lv_pmos (3)                           |sg13_lv_pmos (3)                           
sg13_lv_nmos (3)                           |sg13_lv_nmos (3)                           
Number of devices: 6                       |Number of devices: 6                       
Number of nets: 8                          |Number of nets: 8                          
---------------------------------------------------------------------------------------
Netlists match uniquely.

Subcircuit pins:
Circuit 1: sg13cmos5l_nand3_1              |Circuit 2: sg13cmos5l_nand3_1              
-------------------------------------------|-------------------------------------------
VDD                                        |VDD                                        
B                                          |B                                          
A                                          |A                                          
C                                          |C                                          
Y                                          |Y                                          
VSS                                        |VSS                                        
---------------------------------------------------------------------------------------
Cell pin lists are equivalent.
Device classes sg13cmos5l_nand3_1 and sg13cmos5l_nand3_1 are equivalent.

Subcircuit summary:
Circuit 1: sg13cmos5l_nand2_1              |Circuit 2: sg13cmos5l_nand2_1              
-------------------------------------------|-------------------------------------------
sg13_lv_nmos (2)                           |sg13_lv_nmos (2)                           
sg13_lv_pmos (2)                           |sg13_lv_pmos (2)                           
Number of devices: 4                       |Number of devices: 4                       
Number of nets: 6                          |Number of nets: 6                          
---------------------------------------------------------------------------------------
Netlists match uniquely.

Subcircuit pins:
Circuit 1: sg13cmos5l_nand2_1              |Circuit 2: sg13cmos5l_nand2_1              
-------------------------------------------|-------------------------------------------
VDD                                        |VDD                                        
Y                                          |Y                                          
VSS                                        |VSS                                        
A                                          |A                                          
B                                          |B                                          
---------------------------------------------------------------------------------------
Cell pin lists are equivalent.
Device classes sg13cmos5l_nand2_1 and sg13cmos5l_nand2_1 are equivalent.

Subcircuit summary:
Circuit 1: sg13cmos5l_dlygate4sd3_1        |Circuit 2: sg13cmos5l_dlygate4sd3_1        
-------------------------------------------|-------------------------------------------
sg13_lv_pmos (4)                           |sg13_lv_pmos (4)                           
sg13_lv_nmos (4)                           |sg13_lv_nmos (4)                           
Number of devices: 8                       |Number of devices: 8                       
Number of nets: 7                          |Number of nets: 7                          
---------------------------------------------------------------------------------------
Netlists match uniquely.

Subcircuit pins:
Circuit 1: sg13cmos5l_dlygate4sd3_1        |Circuit 2: sg13cmos5l_dlygate4sd3_1        
-------------------------------------------|-------------------------------------------
X                                          |X                                          
A                                          |A                                          
VDD                                        |VDD                                        
VSS                                        |VSS                                        
---------------------------------------------------------------------------------------
Cell pin lists are equivalent.
Device classes sg13cmos5l_dlygate4sd3_1 and sg13cmos5l_dlygate4sd3_1 are equivalent.

Subcircuit summary:
Circuit 1: sg13cmos5l_dfrbpq_1             |Circuit 2: sg13cmos5l_dfrbpq_1             
-------------------------------------------|-------------------------------------------
sg13_lv_nmos (16)                          |sg13_lv_nmos (16)                          
sg13_lv_pmos (16)                          |sg13_lv_pmos (16)                          
Number of devices: 32                      |Number of devices: 32                      
Number of nets: 21                         |Number of nets: 21                         
---------------------------------------------------------------------------------------
Netlists match uniquely.

Subcircuit pins:
Circuit 1: sg13cmos5l_dfrbpq_1             |Circuit 2: sg13cmos5l_dfrbpq_1             
-------------------------------------------|-------------------------------------------
VDD                                        |VDD                                        
VSS                                        |VSS                                        
RESET_B                                    |RESET_B                                    
D                                          |D                                          
CLK                                        |CLK                                        
Q                                          |Q                                          
---------------------------------------------------------------------------------------
Cell pin lists are equivalent.
Device classes sg13cmos5l_dfrbpq_1 and sg13cmos5l_dfrbpq_1 are equivalent.

Class sg13cmos5l_decap_8 (0):  Merged 2 parallel devices.
Subcircuit summary:
Circuit 1: sg13cmos5l_decap_8              |Circuit 2: sg13cmos5l_decap_8              
-------------------------------------------|-------------------------------------------
sg13_lv_nmos (2->1)                        |sg13_lv_nmos (1)                           
sg13_lv_pmos (2->1)                        |sg13_lv_pmos (1)                           
Number of devices: 2                       |Number of devices: 2                       
Number of nets: 2                          |Number of nets: 2                          
---------------------------------------------------------------------------------------
Netlists match uniquely.

Subcircuit pins:
Circuit 1: sg13cmos5l_decap_8              |Circuit 2: sg13cmos5l_decap_8              
-------------------------------------------|-------------------------------------------
VSS                                        |VSS                                        
VDD                                        |VDD                                        
---------------------------------------------------------------------------------------
Cell pin lists are equivalent.
Device classes sg13cmos5l_decap_8 and sg13cmos5l_decap_8 are equivalent.

Subcircuit summary:
Circuit 1: sg13cmos5l_buf_1                |Circuit 2: sg13cmos5l_buf_1                
-------------------------------------------|-------------------------------------------
sg13_lv_nmos (2)                           |sg13_lv_nmos (2)                           
sg13_lv_pmos (2)                           |sg13_lv_pmos (2)                           
Number of devices: 4                       |Number of devices: 4                       
Number of nets: 5                          |Number of nets: 5                          
---------------------------------------------------------------------------------------
Netlists match uniquely.

Subcircuit pins:
Circuit 1: sg13cmos5l_buf_1                |Circuit 2: sg13cmos5l_buf_1                
-------------------------------------------|-------------------------------------------
VSS                                        |VSS                                        
VDD                                        |VDD                                        
A                                          |A                                          
X                                          |X                                          
---------------------------------------------------------------------------------------
Cell pin lists are equivalent.
Device classes sg13cmos5l_buf_1 and sg13cmos5l_buf_1 are equivalent.

Subcircuit summary:
Circuit 1: sg13cmos5l_a22oi_1              |Circuit 2: sg13cmos5l_a22oi_1              
-------------------------------------------|-------------------------------------------
sg13_lv_nmos (4)                           |sg13_lv_nmos (4)                           
sg13_lv_pmos (4)                           |sg13_lv_pmos (4)                           
Number of devices: 8                       |Number of devices: 8                       
Number of nets: 10                         |Number of nets: 10                         
---------------------------------------------------------------------------------------
Netlists match uniquely.

Subcircuit pins:
Circuit 1: sg13cmos5l_a22oi_1              |Circuit 2: sg13cmos5l_a22oi_1              
-------------------------------------------|-------------------------------------------
VSS                                        |VSS                                        
VDD                                        |VDD                                        
Y                                          |Y                                          
B1                                         |B1                                         
B2                                         |B2                                         
A2                                         |A2                                         
A1                                         |A1                                         
---------------------------------------------------------------------------------------
Cell pin lists are equivalent.
Device classes sg13cmos5l_a22oi_1 and sg13cmos5l_a22oi_1 are equivalent.

Subcircuit summary:
Circuit 1: sg13cmos5l_or2_1                |Circuit 2: sg13cmos5l_or2_1                
-------------------------------------------|-------------------------------------------
sg13_lv_pmos (3)                           |sg13_lv_pmos (3)                           
sg13_lv_nmos (3)                           |sg13_lv_nmos (3)                           
Number of devices: 6                       |Number of devices: 6                       
Number of nets: 7                          |Number of nets: 7                          
---------------------------------------------------------------------------------------
Netlists match uniquely.

Subcircuit pins:
Circuit 1: sg13cmos5l_or2_1                |Circuit 2: sg13cmos5l_or2_1                
-------------------------------------------|-------------------------------------------
VSS                                        |VSS                                        
VDD                                        |VDD                                        
A                                          |A                                          
B                                          |B                                          
X                                          |X                                          
---------------------------------------------------------------------------------------
Cell pin lists are equivalent.
Device classes sg13cmos5l_or2_1 and sg13cmos5l_or2_1 are equivalent.

Subcircuit summary:
Circuit 1: sg13cmos5l_a21oi_1              |Circuit 2: sg13cmos5l_a21oi_1              
-------------------------------------------|-------------------------------------------
sg13_lv_nmos (3)                           |sg13_lv_nmos (3)                           
sg13_lv_pmos (3)                           |sg13_lv_pmos (3)                           
Number of devices: 6                       |Number of devices: 6                       
Number of nets: 8                          |Number of nets: 8                          
---------------------------------------------------------------------------------------
Netlists match uniquely.

Subcircuit pins:
Circuit 1: sg13cmos5l_a21oi_1              |Circuit 2: sg13cmos5l_a21oi_1              
-------------------------------------------|-------------------------------------------
VSS                                        |VSS                                        
VDD                                        |VDD                                        
B1                                         |B1                                         
A2                                         |A2                                         
A1                                         |A1                                         
Y                                          |Y                                          
---------------------------------------------------------------------------------------
Cell pin lists are equivalent.
Device classes sg13cmos5l_a21oi_1 and sg13cmos5l_a21oi_1 are equivalent.

Subcircuit summary:
Circuit 1: sg13cmos5l_tiehi                |Circuit 2: sg13cmos5l_tiehi                
-------------------------------------------|-------------------------------------------
sg13_lv_pmos (2)                           |sg13_lv_pmos (2)                           
sg13_lv_nmos (2)                           |sg13_lv_nmos (2)                           
Number of devices: 4                       |Number of devices: 4                       
Number of nets: 6                          |Number of nets: 6                          
---------------------------------------------------------------------------------------
Netlists match uniquely.

Subcircuit pins:
Circuit 1: sg13cmos5l_tiehi                |Circuit 2: sg13cmos5l_tiehi                
-------------------------------------------|-------------------------------------------
VSS                                        |VSS                                        
VDD                                        |VDD                                        
L_HI                                       |L_HI                                       
---------------------------------------------------------------------------------------
Cell pin lists are equivalent.
Device classes sg13cmos5l_tiehi and sg13cmos5l_tiehi are equivalent.

Subcircuit summary:
Circuit 1: sg13cmos5l_decap_4              |Circuit 2: sg13cmos5l_decap_4              
-------------------------------------------|-------------------------------------------
sg13_lv_pmos (1)                           |sg13_lv_pmos (1)                           
sg13_lv_nmos (1)                           |sg13_lv_nmos (1)                           
Number of devices: 2                       |Number of devices: 2                       
Number of nets: 2                          |Number of nets: 2                          
---------------------------------------------------------------------------------------
Netlists match uniquely.

Subcircuit pins:
Circuit 1: sg13cmos5l_decap_4              |Circuit 2: sg13cmos5l_decap_4              
-------------------------------------------|-------------------------------------------
VSS                                        |VSS                                        
VDD                                        |VDD                                        
---------------------------------------------------------------------------------------
Cell pin lists are equivalent.
Device classes sg13cmos5l_decap_4 and sg13cmos5l_decap_4 are equivalent.

Subcircuit summary:
Circuit 1: sg13cmos5l_a21o_1               |Circuit 2: sg13cmos5l_a21o_1               
-------------------------------------------|-------------------------------------------
sg13_lv_pmos (4)                           |sg13_lv_pmos (4)                           
sg13_lv_nmos (4)                           |sg13_lv_nmos (4)                           
Number of devices: 8                       |Number of devices: 8                       
Number of nets: 9                          |Number of nets: 9                          
---------------------------------------------------------------------------------------
Netlists match uniquely.

Subcircuit pins:
Circuit 1: sg13cmos5l_a21o_1               |Circuit 2: sg13cmos5l_a21o_1               
-------------------------------------------|-------------------------------------------
A1                                         |A1                                         
A2                                         |A2                                         
B1                                         |B1                                         
X                                          |X                                          
VSS                                        |VSS                                        
VDD                                        |VDD                                        
---------------------------------------------------------------------------------------
Cell pin lists are equivalent.
Device classes sg13cmos5l_a21o_1 and sg13cmos5l_a21o_1 are equivalent.

Subcircuit summary:
Circuit 1: sg13cmos5l_nor2_1               |Circuit 2: sg13cmos5l_nor2_1               
-------------------------------------------|-------------------------------------------
sg13_lv_nmos (2)                           |sg13_lv_nmos (2)                           
sg13_lv_pmos (2)                           |sg13_lv_pmos (2)                           
Number of devices: 4                       |Number of devices: 4                       
Number of nets: 6                          |Number of nets: 6                          
---------------------------------------------------------------------------------------
Netlists match uniquely.

Subcircuit pins:
Circuit 1: sg13cmos5l_nor2_1               |Circuit 2: sg13cmos5l_nor2_1               
-------------------------------------------|-------------------------------------------
VSS                                        |VSS                                        
B                                          |B                                          
A                                          |A                                          
Y                                          |Y                                          
VDD                                        |VDD                                        
---------------------------------------------------------------------------------------
Cell pin lists are equivalent.
Device classes sg13cmos5l_nor2_1 and sg13cmos5l_nor2_1 are equivalent.

Cell sg13cmos5l_antennanp (0) disconnected node: A
Cell sg13cmos5l_antennanp (0) disconnected node: VDD
Cell sg13cmos5l_antennanp (0) disconnected node: VSS

Subcircuit pins:
Circuit 1: sg13cmos5l_antennanp            |Circuit 2: sg13cmos5l_antennanp            
-------------------------------------------|-------------------------------------------
A                                          |A                                          
VDD                                        |VDD                                        
VSS                                        |VSS                                        
---------------------------------------------------------------------------------------
Cell pin lists are equivalent.
Device classes sg13cmos5l_antennanp and sg13cmos5l_antennanp are equivalent.

Class sg13cmos5l_inv_4 (0):  Merged 6 parallel devices.
Subcircuit summary:
Circuit 1: sg13cmos5l_inv_4                |Circuit 2: sg13cmos5l_inv_4                
-------------------------------------------|-------------------------------------------
sg13_lv_nmos (4->1)                        |sg13_lv_nmos (1)                           
sg13_lv_pmos (4->1)                        |sg13_lv_pmos (1)                           
Number of devices: 2                       |Number of devices: 2                       
Number of nets: 4                          |Number of nets: 4                          
---------------------------------------------------------------------------------------
Netlists match uniquely.

Subcircuit pins:
Circuit 1: sg13cmos5l_inv_4                |Circuit 2: sg13cmos5l_inv_4                
-------------------------------------------|-------------------------------------------
Y                                          |Y                                          
A                                          |A                                          
VDD                                        |VDD                                        
VSS                                        |VSS                                        
---------------------------------------------------------------------------------------
Cell pin lists are equivalent.
Device classes sg13cmos5l_inv_4 and sg13cmos5l_inv_4 are equivalent.

Subcircuit summary:
Circuit 1: sg13cmos5l_mux4_1               |Circuit 2: sg13cmos5l_mux4_1               
-------------------------------------------|-------------------------------------------
sg13_lv_nmos (13)                          |sg13_lv_nmos (13)                          
sg13_lv_pmos (13)                          |sg13_lv_pmos (13)                          
Number of devices: 26                      |Number of devices: 26                      
Number of nets: 22                         |Number of nets: 22                         
---------------------------------------------------------------------------------------
Netlists match uniquely.

Subcircuit pins:
Circuit 1: sg13cmos5l_mux4_1               |Circuit 2: sg13cmos5l_mux4_1               
-------------------------------------------|-------------------------------------------
S1                                         |S1                                         
VSS                                        |VSS                                        
VDD                                        |VDD                                        
X                                          |X                                          
A0                                         |A0                                         
A2                                         |A2                                         
A1                                         |A1                                         
A3                                         |A3                                         
S0                                         |S0                                         
---------------------------------------------------------------------------------------
Cell pin lists are equivalent.
Device classes sg13cmos5l_mux4_1 and sg13cmos5l_mux4_1 are equivalent.

Subcircuit summary:
Circuit 1: sg13cmos5l_nor3_1               |Circuit 2: sg13cmos5l_nor3_1               
-------------------------------------------|-------------------------------------------
sg13_lv_nmos (3)                           |sg13_lv_nmos (3)                           
sg13_lv_pmos (3)                           |sg13_lv_pmos (3)                           
Number of devices: 6                       |Number of devices: 6                       
Number of nets: 8                          |Number of nets: 8                          
---------------------------------------------------------------------------------------
Netlists match uniquely.

Subcircuit pins:
Circuit 1: sg13cmos5l_nor3_1               |Circuit 2: sg13cmos5l_nor3_1               
-------------------------------------------|-------------------------------------------
VSS                                        |VSS                                        
B                                          |B                                          
C                                          |C                                          
A                                          |A                                          
Y                                          |Y                                          
VDD                                        |VDD                                        
---------------------------------------------------------------------------------------
Cell pin lists are equivalent.
Device classes sg13cmos5l_nor3_1 and sg13cmos5l_nor3_1 are equivalent.

Subcircuit summary:
Circuit 1: sg13cmos5l_xor2_1               |Circuit 2: sg13cmos5l_xor2_1               
-------------------------------------------|-------------------------------------------
sg13_lv_nmos (5)                           |sg13_lv_nmos (5)                           
sg13_lv_pmos (5)                           |sg13_lv_pmos (5)                           
Number of devices: 10                      |Number of devices: 10                      
Number of nets: 9                          |Number of nets: 9                          
---------------------------------------------------------------------------------------
Netlists match uniquely.

Subcircuit pins:
Circuit 1: sg13cmos5l_xor2_1               |Circuit 2: sg13cmos5l_xor2_1               
-------------------------------------------|-------------------------------------------
A                                          |A                                          
B                                          |B                                          
VDD                                        |VDD                                        
X                                          |X                                          
VSS                                        |VSS                                        
---------------------------------------------------------------------------------------
Cell pin lists are equivalent.
Device classes sg13cmos5l_xor2_1 and sg13cmos5l_xor2_1 are equivalent.

Subcircuit summary:
Circuit 1: sg13cmos5l_o21ai_1              |Circuit 2: sg13cmos5l_o21ai_1              
-------------------------------------------|-------------------------------------------
sg13_lv_nmos (3)                           |sg13_lv_nmos (3)                           
sg13_lv_pmos (3)                           |sg13_lv_pmos (3)                           
Number of devices: 6                       |Number of devices: 6                       
Number of nets: 8                          |Number of nets: 8                          
---------------------------------------------------------------------------------------
Netlists match uniquely.

Subcircuit pins:
Circuit 1: sg13cmos5l_o21ai_1              |Circuit 2: sg13cmos5l_o21ai_1              
-------------------------------------------|-------------------------------------------
Y                                          |Y                                          
A1                                         |A1                                         
A2                                         |A2                                         
B1                                         |B1                                         
VDD                                        |VDD                                        
VSS                                        |VSS                                        
---------------------------------------------------------------------------------------
Cell pin lists are equivalent.
Device classes sg13cmos5l_o21ai_1 and sg13cmos5l_o21ai_1 are equivalent.

Subcircuit summary:
Circuit 1: sg13cmos5l_and2_1               |Circuit 2: sg13cmos5l_and2_1               
-------------------------------------------|-------------------------------------------
sg13_lv_pmos (3)                           |sg13_lv_pmos (3)                           
sg13_lv_nmos (3)                           |sg13_lv_nmos (3)                           
Number of devices: 6                       |Number of devices: 6                       
Number of nets: 7                          |Number of nets: 7                          
---------------------------------------------------------------------------------------
Netlists match uniquely.

Subcircuit pins:
Circuit 1: sg13cmos5l_and2_1               |Circuit 2: sg13cmos5l_and2_1               
-------------------------------------------|-------------------------------------------
VDD                                        |VDD                                        
VSS                                        |VSS                                        
X                                          |X                                          
B                                          |B                                          
A                                          |A                                          
---------------------------------------------------------------------------------------
Cell pin lists are equivalent.
Device classes sg13cmos5l_and2_1 and sg13cmos5l_and2_1 are equivalent.

Subcircuit summary:
Circuit 1: sg13cmos5l_tielo                |Circuit 2: sg13cmos5l_tielo                
-------------------------------------------|-------------------------------------------
sg13_lv_nmos (2)                           |sg13_lv_nmos (2)                           
sg13_lv_pmos (2)                           |sg13_lv_pmos (2)                           
Number of devices: 4                       |Number of devices: 4                       
Number of nets: 6                          |Number of nets: 6                          
---------------------------------------------------------------------------------------
Netlists match uniquely.

Subcircuit pins:
Circuit 1: sg13cmos5l_tielo                |Circuit 2: sg13cmos5l_tielo                
-------------------------------------------|-------------------------------------------
VSS                                        |VSS                                        
VDD                                        |VDD                                        
L_LO                                       |L_LO                                       
---------------------------------------------------------------------------------------
Cell pin lists are equivalent.
Device classes sg13cmos5l_tielo and sg13cmos5l_tielo are equivalent.

Subcircuit summary:
Circuit 1: sg13cmos5l_inv_1                |Circuit 2: sg13cmos5l_inv_1                
-------------------------------------------|-------------------------------------------
sg13_lv_nmos (1)                           |sg13_lv_nmos (1)                           
sg13_lv_pmos (1)                           |sg13_lv_pmos (1)                           
Number of devices: 2                       |Number of devices: 2                       
Number of nets: 4                          |Number of nets: 4                          
---------------------------------------------------------------------------------------
Netlists match uniquely.

Subcircuit pins:
Circuit 1: sg13cmos5l_inv_1                |Circuit 2: sg13cmos5l_inv_1                
-------------------------------------------|-------------------------------------------
Y                                          |Y                                          
A                                          |A                                          
VSS                                        |VSS                                        
VDD                                        |VDD                                        
---------------------------------------------------------------------------------------
Cell pin lists are equivalent.
Device classes sg13cmos5l_inv_1 and sg13cmos5l_inv_1 are equivalent.

Subcircuit summary:
Circuit 1: sg13cmos5l_a221oi_1             |Circuit 2: sg13cmos5l_a221oi_1             
-------------------------------------------|-------------------------------------------
sg13_lv_nmos (5)                           |sg13_lv_nmos (5)                           
sg13_lv_pmos (5)                           |sg13_lv_pmos (5)                           
Number of devices: 10                      |Number of devices: 10                      
Number of nets: 12                         |Number of nets: 12                         
---------------------------------------------------------------------------------------
Netlists match uniquely.

Subcircuit pins:
Circuit 1: sg13cmos5l_a221oi_1             |Circuit 2: sg13cmos5l_a221oi_1             
-------------------------------------------|-------------------------------------------
VDD                                        |VDD                                        
VSS                                        |VSS                                        
Y                                          |Y                                          
C1                                         |C1                                         
B2                                         |B2                                         
B1                                         |B1                                         
A2                                         |A2                                         
A1                                         |A1                                         
---------------------------------------------------------------------------------------
Cell pin lists are equivalent.
Device classes sg13cmos5l_a221oi_1 and sg13cmos5l_a221oi_1 are equivalent.

Subcircuit summary:
Circuit 1: sg13cmos5l_mux2_1               |Circuit 2: sg13cmos5l_mux2_1               
-------------------------------------------|-------------------------------------------
sg13_lv_pmos (6)                           |sg13_lv_pmos (6)                           
sg13_lv_nmos (6)                           |sg13_lv_nmos (6)                           
Number of devices: 12                      |Number of devices: 12                      
Number of nets: 12                         |Number of nets: 12                         
---------------------------------------------------------------------------------------
Netlists match uniquely.

Subcircuit pins:
Circuit 1: sg13cmos5l_mux2_1               |Circuit 2: sg13cmos5l_mux2_1               
-------------------------------------------|-------------------------------------------
S                                          |S                                          
VDD                                        |VDD                                        
VSS                                        |VSS                                        
X                                          |X                                          
A1                                         |A1                                         
A0                                         |A0                                         
---------------------------------------------------------------------------------------
Cell pin lists are equivalent.
Device classes sg13cmos5l_mux2_1 and sg13cmos5l_mux2_1 are equivalent.

Subcircuit summary:
Circuit 1: sg13cmos5l_nor2b_1              |Circuit 2: sg13cmos5l_nor2b_1              
-------------------------------------------|-------------------------------------------
sg13_lv_pmos (3)                           |sg13_lv_pmos (3)                           
sg13_lv_nmos (3)                           |sg13_lv_nmos (3)                           
Number of devices: 6                       |Number of devices: 6                       
Number of nets: 7                          |Number of nets: 7                          
---------------------------------------------------------------------------------------
Netlists match uniquely.

Subcircuit pins:
Circuit 1: sg13cmos5l_nor2b_1              |Circuit 2: sg13cmos5l_nor2b_1              
-------------------------------------------|-------------------------------------------
Y                                          |Y                                          
VSS                                        |VSS                                        
B_N                                        |B_N                                        
A                                          |A                                          
VDD                                        |VDD                                        
---------------------------------------------------------------------------------------
Cell pin lists are equivalent.
Device classes sg13cmos5l_nor2b_1 and sg13cmos5l_nor2b_1 are equivalent.

Class sg13cmos5l_buf_8 (0):  Merged 18 parallel devices.
Subcircuit summary:
Circuit 1: sg13cmos5l_buf_8                |Circuit 2: sg13cmos5l_buf_8                
-------------------------------------------|-------------------------------------------
sg13_lv_nmos (11->2)                       |sg13_lv_nmos (2)                           
sg13_lv_pmos (11->2)                       |sg13_lv_pmos (2)                           
Number of devices: 4                       |Number of devices: 4                       
Number of nets: 5                          |Number of nets: 5                          
---------------------------------------------------------------------------------------
Netlists match uniquely.

Subcircuit pins:
Circuit 1: sg13cmos5l_buf_8                |Circuit 2: sg13cmos5l_buf_8                
-------------------------------------------|-------------------------------------------
A                                          |A                                          
X                                          |X                                          
VSS                                        |VSS                                        
VDD                                        |VDD                                        
---------------------------------------------------------------------------------------
Cell pin lists are equivalent.
Device classes sg13cmos5l_buf_8 and sg13cmos5l_buf_8 are equivalent.

Class sg13cmos5l_inv_2 (0):  Merged 2 parallel devices.
Subcircuit summary:
Circuit 1: sg13cmos5l_inv_2                |Circuit 2: sg13cmos5l_inv_2                
-------------------------------------------|-------------------------------------------
sg13_lv_nmos (2->1)                        |sg13_lv_nmos (1)                           
sg13_lv_pmos (2->1)                        |sg13_lv_pmos (1)                           
Number of devices: 2                       |Number of devices: 2                       
Number of nets: 4                          |Number of nets: 4                          
---------------------------------------------------------------------------------------
Netlists match uniquely.

Subcircuit pins:
Circuit 1: sg13cmos5l_inv_2                |Circuit 2: sg13cmos5l_inv_2                
-------------------------------------------|-------------------------------------------
Y                                          |Y                                          
A                                          |A                                          
VSS                                        |VSS                                        
VDD                                        |VDD                                        
---------------------------------------------------------------------------------------
Cell pin lists are equivalent.
Device classes sg13cmos5l_inv_2 and sg13cmos5l_inv_2 are equivalent.

Subcircuit summary:
Circuit 1: sg13cmos5l_nand2b_1             |Circuit 2: sg13cmos5l_nand2b_1             
-------------------------------------------|-------------------------------------------
sg13_lv_pmos (3)                           |sg13_lv_pmos (3)                           
sg13_lv_nmos (3)                           |sg13_lv_nmos (3)                           
Number of devices: 6                       |Number of devices: 6                       
Number of nets: 7                          |Number of nets: 7                          
---------------------------------------------------------------------------------------
Netlists match uniquely.

Subcircuit pins:
Circuit 1: sg13cmos5l_nand2b_1             |Circuit 2: sg13cmos5l_nand2b_1             
-------------------------------------------|-------------------------------------------
VSS                                        |VSS                                        
A_N                                        |A_N                                        
B                                          |B                                          
Y                                          |Y                                          
VDD                                        |VDD                                        
---------------------------------------------------------------------------------------
Cell pin lists are equivalent.
Device classes sg13cmos5l_nand2b_1 and sg13cmos5l_nand2b_1 are equivalent.

Subcircuit summary:
Circuit 1: sg13cmos5l_or3_1                |Circuit 2: sg13cmos5l_or3_1                
-------------------------------------------|-------------------------------------------
sg13_lv_nmos (4)                           |sg13_lv_nmos (4)                           
sg13_lv_pmos (4)                           |sg13_lv_pmos (4)                           
Number of devices: 8                       |Number of devices: 8                       
Number of nets: 9                          |Number of nets: 9                          
---------------------------------------------------------------------------------------
Netlists match uniquely.

Subcircuit pins:
Circuit 1: sg13cmos5l_or3_1                |Circuit 2: sg13cmos5l_or3_1                
-------------------------------------------|-------------------------------------------
VDD                                        |VDD                                        
X                                          |X                                          
B                                          |B                                          
C                                          |C                                          
A                                          |A                                          
VSS                                        |VSS                                        
---------------------------------------------------------------------------------------
Cell pin lists are equivalent.
Device classes sg13cmos5l_or3_1 and sg13cmos5l_or3_1 are equivalent.

Subcircuit summary:
Circuit 1: sg13cmos5l_nand4_1              |Circuit 2: sg13cmos5l_nand4_1              
-------------------------------------------|-------------------------------------------
sg13_lv_pmos (4)                           |sg13_lv_pmos (4)                           
sg13_lv_nmos (4)                           |sg13_lv_nmos (4)                           
Number of devices: 8                       |Number of devices: 8                       
Number of nets: 10                         |Number of nets: 10                         
---------------------------------------------------------------------------------------
Netlists match uniquely.

Subcircuit pins:
Circuit 1: sg13cmos5l_nand4_1              |Circuit 2: sg13cmos5l_nand4_1              
-------------------------------------------|-------------------------------------------
VDD                                        |VDD                                        
A                                          |A                                          
D                                          |D                                          
B                                          |B                                          
C                                          |C                                          
Y                                          |Y                                          
VSS                                        |VSS                                        
---------------------------------------------------------------------------------------
Cell pin lists are equivalent.
Device classes sg13cmos5l_nand4_1 and sg13cmos5l_nand4_1 are equivalent.

Subcircuit summary:
Circuit 1: sg13cmos5l_nor4_1               |Circuit 2: sg13cmos5l_nor4_1               
-------------------------------------------|-------------------------------------------
sg13_lv_pmos (4)                           |sg13_lv_pmos (4)                           
sg13_lv_nmos (4)                           |sg13_lv_nmos (4)                           
Number of devices: 8                       |Number of devices: 8                       
Number of nets: 10                         |Number of nets: 10                         
---------------------------------------------------------------------------------------
Netlists match uniquely.

Subcircuit pins:
Circuit 1: sg13cmos5l_nor4_1               |Circuit 2: sg13cmos5l_nor4_1               
-------------------------------------------|-------------------------------------------
VSS                                        |VSS                                        
VDD                                        |VDD                                        
Y                                          |Y                                          
B                                          |B                                          
C                                          |C                                          
A                                          |A                                          
D                                          |D                                          
---------------------------------------------------------------------------------------
Cell pin lists are equivalent.
Device classes sg13cmos5l_nor4_1 and sg13cmos5l_nor4_1 are equivalent.

Subcircuit summary:
Circuit 1: sg13cmos5l_xnor2_1              |Circuit 2: sg13cmos5l_xnor2_1              
-------------------------------------------|-------------------------------------------
sg13_lv_pmos (5)                           |sg13_lv_pmos (5)                           
sg13_lv_nmos (5)                           |sg13_lv_nmos (5)                           
Number of devices: 10                      |Number of devices: 10                      
Number of nets: 9                          |Number of nets: 9                          
---------------------------------------------------------------------------------------
Netlists match uniquely.

Subcircuit pins:
Circuit 1: sg13cmos5l_xnor2_1              |Circuit 2: sg13cmos5l_xnor2_1              
-------------------------------------------|-------------------------------------------
Y                                          |Y                                          
VSS                                        |VSS                                        
VDD                                        |VDD                                        
B                                          |B                                          
A                                          |A                                          
---------------------------------------------------------------------------------------
Cell pin lists are equivalent.
Device classes sg13cmos5l_xnor2_1 and sg13cmos5l_xnor2_1 are equivalent.

Subcircuit summary:
Circuit 1: sg13cmos5l_and4_1               |Circuit 2: sg13cmos5l_and4_1               
-------------------------------------------|-------------------------------------------
sg13_lv_pmos (5)                           |sg13_lv_pmos (5)                           
sg13_lv_nmos (5)                           |sg13_lv_nmos (5)                           
Number of devices: 10                      |Number of devices: 10                      
Number of nets: 11                         |Number of nets: 11                         
---------------------------------------------------------------------------------------
Netlists match uniquely.

Subcircuit pins:
Circuit 1: sg13cmos5l_and4_1               |Circuit 2: sg13cmos5l_and4_1               
-------------------------------------------|-------------------------------------------
VSS                                        |VSS                                        
C                                          |C                                          
B                                          |B                                          
A                                          |A                                          
D                                          |D                                          
X                                          |X                                          
VDD                                        |VDD                                        
---------------------------------------------------------------------------------------
Cell pin lists are equivalent.
Device classes sg13cmos5l_and4_1 and sg13cmos5l_and4_1 are equivalent.

Subcircuit summary:
Circuit 1: sg13cmos5l_nand3b_1             |Circuit 2: sg13cmos5l_nand3b_1             
-------------------------------------------|-------------------------------------------
sg13_lv_nmos (4)                           |sg13_lv_nmos (4)                           
sg13_lv_pmos (4)                           |sg13_lv_pmos (4)                           
Number of devices: 8                       |Number of devices: 8                       
Number of nets: 9                          |Number of nets: 9                          
---------------------------------------------------------------------------------------
Netlists match uniquely.

Subcircuit pins:
Circuit 1: sg13cmos5l_nand3b_1             |Circuit 2: sg13cmos5l_nand3b_1             
-------------------------------------------|-------------------------------------------
VDD                                        |VDD                                        
Y                                          |Y                                          
VSS                                        |VSS                                        
A_N                                        |A_N                                        
B                                          |B                                          
C                                          |C                                          
---------------------------------------------------------------------------------------
Cell pin lists are equivalent.
Device classes sg13cmos5l_nand3b_1 and sg13cmos5l_nand3b_1 are equivalent.

Subcircuit summary:
Circuit 1: sg13cmos5l_or4_1                |Circuit 2: sg13cmos5l_or4_1                
-------------------------------------------|-------------------------------------------
sg13_lv_nmos (5)                           |sg13_lv_nmos (5)                           
sg13_lv_pmos (5)                           |sg13_lv_pmos (5)                           
Number of devices: 10                      |Number of devices: 10                      
Number of nets: 11                         |Number of nets: 11                         
---------------------------------------------------------------------------------------
Netlists match uniquely.

Subcircuit pins:
Circuit 1: sg13cmos5l_or4_1                |Circuit 2: sg13cmos5l_or4_1                
-------------------------------------------|-------------------------------------------
VDD                                        |VDD                                        
X                                          |X                                          
C                                          |C                                          
B                                          |B                                          
D                                          |D                                          
A                                          |A                                          
VSS                                        |VSS                                        
---------------------------------------------------------------------------------------
Cell pin lists are equivalent.
Device classes sg13cmos5l_or4_1 and sg13cmos5l_or4_1 are equivalent.

Subcircuit summary:
Circuit 1: sg13cmos5l_and3_1               |Circuit 2: sg13cmos5l_and3_1               
-------------------------------------------|-------------------------------------------
sg13_lv_nmos (4)                           |sg13_lv_nmos (4)                           
sg13_lv_pmos (4)                           |sg13_lv_pmos (4)                           
Number of devices: 8                       |Number of devices: 8                       
Number of nets: 9                          |Number of nets: 9                          
---------------------------------------------------------------------------------------
Netlists match uniquely.

Subcircuit pins:
Circuit 1: sg13cmos5l_and3_1               |Circuit 2: sg13cmos5l_and3_1               
-------------------------------------------|-------------------------------------------
VDD                                        |VDD                                        
VSS                                        |VSS                                        
X                                          |X                                          
C                                          |C                                          
A                                          |A                                          
B                                          |B                                          
---------------------------------------------------------------------------------------
Cell pin lists are equivalent.
Device classes sg13cmos5l_and3_1 and sg13cmos5l_and3_1 are equivalent.

Class sg13cmos5l_inv_16 (0):  Merged 30 parallel devices.
Subcircuit summary:
Circuit 1: sg13cmos5l_inv_16               |Circuit 2: sg13cmos5l_inv_16               
-------------------------------------------|-------------------------------------------
sg13_lv_pmos (16->1)                       |sg13_lv_pmos (1)                           
sg13_lv_nmos (16->1)                       |sg13_lv_nmos (1)                           
Number of devices: 2                       |Number of devices: 2                       
Number of nets: 4                          |Number of nets: 4                          
---------------------------------------------------------------------------------------
Netlists match uniquely.

Subcircuit pins:
Circuit 1: sg13cmos5l_inv_16               |Circuit 2: sg13cmos5l_inv_16               
-------------------------------------------|-------------------------------------------
Y                                          |Y                                          
A                                          |A                                          
VSS                                        |VSS                                        
VDD                                        |VDD                                        
---------------------------------------------------------------------------------------
Cell pin lists are equivalent.
Device classes sg13cmos5l_inv_16 and sg13cmos5l_inv_16 are equivalent.
Flattening unmatched subcell sg13cmos5l_fill_2 in circuit heichips26_e2spike (1)(2260 instances)
Flattening unmatched subcell sg13cmos5l_fill_1 in circuit heichips26_e2spike (1)(2502 instances)

Cell heichips26_e2spike (0) disconnected node: ena
Cell heichips26_e2spike (0) disconnected node: uio_in[10]
Cell heichips26_e2spike (0) disconnected node: uio_in[11]
Cell heichips26_e2spike (0) disconnected node: uio_in[12]
Cell heichips26_e2spike (0) disconnected node: uio_in[13]
Cell heichips26_e2spike (0) disconnected node: uio_in[14]
Cell heichips26_e2spike (0) disconnected node: uio_in[15]
Cell heichips26_e2spike (0) disconnected node: uio_in[2]
Cell heichips26_e2spike (0) disconnected node: uio_in[3]
Cell heichips26_e2spike (0) disconnected node: uio_in[4]
Cell heichips26_e2spike (0) disconnected node: uio_in[5]
Cell heichips26_e2spike (0) disconnected node: uio_in[6]
Cell heichips26_e2spike (0) disconnected node: uio_in[7]
Cell heichips26_e2spike (0) disconnected node: uio_in[8]
Cell heichips26_e2spike (0) disconnected node: uio_in[9]
Cell heichips26_e2spike (1) disconnected node: ena
Cell heichips26_e2spike (1) disconnected node: uio_in[15]
Cell heichips26_e2spike (1) disconnected node: uio_in[14]
Cell heichips26_e2spike (1) disconnected node: uio_in[13]
Cell heichips26_e2spike (1) disconnected node: uio_in[12]
Cell heichips26_e2spike (1) disconnected node: uio_in[11]
Cell heichips26_e2spike (1) disconnected node: uio_in[10]
Cell heichips26_e2spike (1) disconnected node: uio_in[9]
Cell heichips26_e2spike (1) disconnected node: uio_in[8]
Cell heichips26_e2spike (1) disconnected node: uio_in[7]
Cell heichips26_e2spike (1) disconnected node: uio_in[6]
Cell heichips26_e2spike (1) disconnected node: uio_in[5]
Cell heichips26_e2spike (1) disconnected node: uio_in[4]
Cell heichips26_e2spike (1) disconnected node: uio_in[3]
Cell heichips26_e2spike (1) disconnected node: uio_in[2]
Class heichips26_e2spike (0):  Merged 5118 parallel devices.
Class heichips26_e2spike (1):  Merged 5118 parallel devices.
Cell heichips26_e2spike (0) disconnected node: ena
Cell heichips26_e2spike (0) disconnected node: uio_in[10]
Cell heichips26_e2spike (0) disconnected node: uio_in[11]
Cell heichips26_e2spike (0) disconnected node: uio_in[12]
Cell heichips26_e2spike (0) disconnected node: uio_in[13]
Cell heichips26_e2spike (0) disconnected node: uio_in[14]
Cell heichips26_e2spike (0) disconnected node: uio_in[15]
Cell heichips26_e2spike (0) disconnected node: uio_in[2]
Cell heichips26_e2spike (0) disconnected node: uio_in[3]
Cell heichips26_e2spike (0) disconnected node: uio_in[4]
Cell heichips26_e2spike (0) disconnected node: uio_in[5]
Cell heichips26_e2spike (0) disconnected node: uio_in[6]
Cell heichips26_e2spike (0) disconnected node: uio_in[7]
Cell heichips26_e2spike (0) disconnected node: uio_in[8]
Cell heichips26_e2spike (0) disconnected node: uio_in[9]
Cell heichips26_e2spike (1) disconnected node: ena
Cell heichips26_e2spike (1) disconnected node: uio_in[15]
Cell heichips26_e2spike (1) disconnected node: uio_in[14]
Cell heichips26_e2spike (1) disconnected node: uio_in[13]
Cell heichips26_e2spike (1) disconnected node: uio_in[12]
Cell heichips26_e2spike (1) disconnected node: uio_in[11]
Cell heichips26_e2spike (1) disconnected node: uio_in[10]
Cell heichips26_e2spike (1) disconnected node: uio_in[9]
Cell heichips26_e2spike (1) disconnected node: uio_in[8]
Cell heichips26_e2spike (1) disconnected node: uio_in[7]
Cell heichips26_e2spike (1) disconnected node: uio_in[6]
Cell heichips26_e2spike (1) disconnected node: uio_in[5]
Cell heichips26_e2spike (1) disconnected node: uio_in[4]
Cell heichips26_e2spike (1) disconnected node: uio_in[3]
Cell heichips26_e2spike (1) disconnected node: uio_in[2]
Subcircuit summary:
Circuit 1: heichips26_e2spike              |Circuit 2: heichips26_e2spike              
-------------------------------------------|-------------------------------------------
sg13cmos5l_nand3_1 (339)                   |sg13cmos5l_nand3_1 (339)                   
sg13cmos5l_nand2_1 (775)                   |sg13cmos5l_nand2_1 (775)                   
sg13cmos5l_dlygate4sd3_1 (952)             |sg13cmos5l_dlygate4sd3_1 (952)             
sg13cmos5l_dfrbpq_1 (753)                  |sg13cmos5l_dfrbpq_1 (753)                  
sg13cmos5l_decap_8 (3517->1)               |sg13cmos5l_decap_8 (3517->1)               
sg13cmos5l_buf_1 (1148)                    |sg13cmos5l_buf_1 (1148)                    
sg13cmos5l_a22oi_1 (351)                   |sg13cmos5l_a22oi_1 (351)                   
sg13cmos5l_or2_1 (76)                      |sg13cmos5l_or2_1 (76)                      
sg13cmos5l_a21oi_1 (1091)                  |sg13cmos5l_a21oi_1 (1091)                  
sg13cmos5l_tiehi (650)                     |sg13cmos5l_tiehi (650)                     
sg13cmos5l_decap_4 (1603->1)               |sg13cmos5l_decap_4 (1603->1)               
sg13cmos5l_a21o_1 (220)                    |sg13cmos5l_a21o_1 (220)                    
sg13cmos5l_nor2_1 (725)                    |sg13cmos5l_nor2_1 (725)                    
sg13cmos5l_antennanp (25)                  |sg13cmos5l_antennanp (25)                  
sg13cmos5l_inv_4 (5)                       |sg13cmos5l_inv_4 (5)                       
sg13cmos5l_mux4_1 (17)                     |sg13cmos5l_mux4_1 (17)                     
sg13cmos5l_nor3_1 (146)                    |sg13cmos5l_nor3_1 (146)                    
sg13cmos5l_xor2_1 (96)                     |sg13cmos5l_xor2_1 (96)                     
sg13cmos5l_o21ai_1 (1023)                  |sg13cmos5l_o21ai_1 (1023)                  
sg13cmos5l_and2_1 (228)                    |sg13cmos5l_and2_1 (228)                    
sg13cmos5l_tielo (19)                      |sg13cmos5l_tielo (19)                      
sg13cmos5l_inv_1 (344)                     |sg13cmos5l_inv_1 (344)                     
sg13cmos5l_a221oi_1 (314)                  |sg13cmos5l_a221oi_1 (314)                  
sg13cmos5l_mux2_1 (160)                    |sg13cmos5l_mux2_1 (160)                    
sg13cmos5l_nor2b_1 (185)                   |sg13cmos5l_nor2b_1 (185)                   
sg13cmos5l_buf_8 (85)                      |sg13cmos5l_buf_8 (85)                      
sg13cmos5l_inv_2 (9)                       |sg13cmos5l_inv_2 (9)                       
sg13cmos5l_nand2b_1 (165)                  |sg13cmos5l_nand2b_1 (165)                  
sg13cmos5l_or3_1 (17)                      |sg13cmos5l_or3_1 (17)                      
sg13cmos5l_nand4_1 (66)                    |sg13cmos5l_nand4_1 (66)                    
sg13cmos5l_nor4_1 (55)                     |sg13cmos5l_nor4_1 (55)                     
sg13cmos5l_xnor2_1 (124)                   |sg13cmos5l_xnor2_1 (124)                   
sg13cmos5l_and4_1 (16)                     |sg13cmos5l_and4_1 (16)                     
sg13cmos5l_nand3b_1 (15)                   |sg13cmos5l_nand3b_1 (15)                   
sg13cmos5l_or4_1 (4)                       |sg13cmos5l_or4_1 (4)                       
sg13cmos5l_and3_1 (48)                     |sg13cmos5l_and3_1 (48)                     
sg13cmos5l_inv_16 (1)                      |sg13cmos5l_inv_16 (1)                      
Number of devices: 10249                   |Number of devices: 10249                   
Number of nets: 10244                      |Number of nets: 10244                      
---------------------------------------------------------------------------------------
Resolving symmetries by property value.
Resolving symmetries by pin name.
Resolving symmetries by net name.
Netlists match with 2 symmetries.

Subcircuit pins:
Circuit 1: heichips26_e2spike              |Circuit 2: heichips26_e2spike              
-------------------------------------------|-------------------------------------------
clk                                        |clk                                        
uio_oe[0]                                  |uio_oe[0]                                  
uio_oe[1]                                  |uio_oe[1]                                  
uio_oe[2]                                  |uio_oe[2]                                  
uio_oe[3]                                  |uio_oe[3]                                  
uio_oe[4]                                  |uio_oe[4]                                  
uio_oe[5]                                  |uio_oe[5]                                  
uio_oe[6]                                  |uio_oe[6]                                  
uio_oe[7]                                  |uio_oe[7]                                  
uio_oe[8]                                  |uio_oe[8]                                  
uio_oe[9]                                  |uio_oe[9]                                  
uio_oe[10]                                 |uio_oe[10]                                 
uio_oe[11]                                 |uio_oe[11]                                 
uio_oe[12]                                 |uio_oe[12]                                 
uio_oe[13]                                 |uio_oe[13]                                 
uio_oe[14]                                 |uio_oe[14]                                 
uio_oe[15]                                 |uio_oe[15]                                 
uio_out[9]                                 |uio_out[9]                                 
uio_out[14]                                |uio_out[14]                                
uio_out[15]                                |uio_out[15]                                
rst_n                                      |rst_n                                      
uio_in[1]                                  |uio_in[1]                                  
uio_in[0]                                  |uio_in[0]                                  
ui_in[7]                                   |ui_in[7]                                   
ui_in[0]                                   |ui_in[0]                                   
ui_in[2]                                   |ui_in[2]                                   
ui_in[4]                                   |ui_in[4]                                   
ui_in[8]                                   |ui_in[8]                                   
ui_in[9]                                   |ui_in[9]                                   
ui_in[10]                                  |ui_in[10]                                  
ui_in[13]                                  |ui_in[13]                                  
ui_in[14]                                  |ui_in[14]                                  
ui_in[12]                                  |ui_in[12]                                  
ui_in[15]                                  |ui_in[15]                                  
ui_in[1]                                   |ui_in[1]                                   
ui_in[5]                                   |ui_in[5]                                   
ui_in[6]                                   |ui_in[6]                                   
ui_in[11]                                  |ui_in[11]                                  
ui_in[3]                                   |ui_in[3]                                   
uio_out[1]                                 |uio_out[1]                                 
uo_out[13]                                 |uo_out[13]                                 
uo_out[12]                                 |uo_out[12]                                 
uo_out[14]                                 |uo_out[14]                                 
uo_out[15]                                 |uo_out[15]                                 
uo_out[7]                                  |uo_out[7]                                  
uo_out[11]                                 |uo_out[11]                                 
uo_out[8]                                  |uo_out[8]                                  
uio_out[0]                                 |uio_out[0]                                 
uio_out[8]                                 |uio_out[8]                                 
uio_out[12]                                |uio_out[12]                                
uio_out[13]                                |uio_out[13]                                
uio_out[4]                                 |uio_out[4]                                 
uio_out[3]                                 |uio_out[3]                                 
uio_out[5]                                 |uio_out[5]                                 
uio_out[7]                                 |uio_out[7]                                 
uio_out[6]                                 |uio_out[6]                                 
uio_out[2]                                 |uio_out[2]                                 
uio_out[10]                                |uio_out[10]                                
uio_out[11]                                |uio_out[11]                                
uo_out[10]                                 |uo_out[10]                                 
uo_out[9]                                  |uo_out[9]                                  
uo_out[0]                                  |uo_out[0]                                  
uo_out[4]                                  |uo_out[4]                                  
uo_out[6]                                  |uo_out[6]                                  
uo_out[1]                                  |uo_out[1]                                  
uo_out[2]                                  |uo_out[2]                                  
uo_out[3]                                  |uo_out[3]                                  
uo_out[5]                                  |uo_out[5]                                  
VPWR                                       |VPWR                                       
VGND                                       |VGND                                       
ena                                        |ena                                        
uio_in[10]                                 |uio_in[10]                                 
uio_in[11]                                 |uio_in[11]                                 
uio_in[12]                                 |uio_in[12]                                 
uio_in[13]                                 |uio_in[13]                                 
uio_in[14]                                 |uio_in[14]                                 
uio_in[15]                                 |uio_in[15]                                 
uio_in[2]                                  |uio_in[2]                                  
uio_in[3]                                  |uio_in[3]                                  
uio_in[4]                                  |uio_in[4]                                  
uio_in[5]                                  |uio_in[5]                                  
uio_in[6]                                  |uio_in[6]                                  
uio_in[7]                                  |uio_in[7]                                  
uio_in[8]                                  |uio_in[8]                                  
uio_in[9]                                  |uio_in[9]                                  
---------------------------------------------------------------------------------------
Cell pin lists are equivalent.
Device classes heichips26_e2spike and heichips26_e2spike are equivalent.

Final result: Circuits match uniquely.
.
