
===========================================================================
Violator List
============================================================================
[setup reg-reg] _13816_/Q -> _14219_/D : -2.208035
[setup reg-reg] _13816_/Q -> _14218_/D : -2.191112
[setup reg-reg] _13816_/Q -> _14225_/D : -2.088700
[setup reg-reg] _13816_/Q -> _14228_/D : -2.086195
[setup reg-reg] _13816_/Q -> _14226_/D : -2.084603
[setup reg-reg] _13816_/Q -> _14229_/D : -2.080163
[setup reg-reg] _13816_/Q -> _14221_/D : -2.066508
[setup reg-reg] _13816_/Q -> _14223_/D : -2.029770
[setup reg-reg] _13816_/Q -> _13787_/D : -1.955751
[setup reg-reg] _13816_/Q -> _14247_/D : -1.953938
[setup reg-reg] _13816_/Q -> _13805_/D : -1.840782
[setup reg-reg] _13816_/Q -> _14238_/D : -1.718635
[setup reg-reg] _13816_/Q -> _14237_/D : -1.677045
[setup reg-reg] _13816_/Q -> _14239_/D : -1.668107
[setup reg-reg] _13816_/Q -> _14241_/D : -1.653018
[setup reg-reg] _13816_/Q -> _14233_/D : -1.625229
[setup reg-reg] _13816_/Q -> _14235_/D : -1.557295
[setup reg-reg] _13816_/Q -> _13811_/D : -1.509511
[setup reg-reg] _13816_/Q -> _13789_/D : -1.492215
[setup reg-reg] _13816_/Q -> _14257_/D : -1.461948
[setup reg-reg] _13816_/Q -> _14255_/D : -1.429926
[setup reg-reg] _13816_/Q -> _14253_/D : -1.399759
[setup reg-reg] _13816_/Q -> _14254_/D : -1.310738
[setup reg-out] _13816_/Q -> uio_out[13] : -1.308915
[setup reg-reg] _13816_/Q -> _14256_/D : -1.287574
[setup reg-reg] _13816_/Q -> _14243_/D : -1.270061
[setup reg-reg] _13816_/Q -> _14249_/D : -1.269917
[setup reg-reg] _13816_/Q -> _14251_/D : -1.252800
[setup reg-reg] _13816_/Q -> _14252_/D : -1.160962
[setup reg-reg] _13816_/Q -> _13786_/D : -1.157855
[setup reg-reg] _13816_/Q -> _14267_/D : -1.119443
[setup reg-reg] _13816_/Q -> _13785_/D : -1.110221
[setup reg-reg] _13816_/Q -> _14294_/D : -1.108885
[setup reg-out] _13816_/Q -> uo_out[7] : -1.105948
[setup reg-reg] _13816_/Q -> _14293_/D : -1.103651
[setup reg-reg] _13816_/Q -> _14268_/D : -1.103583
[setup reg-reg] _13816_/Q -> _14261_/D : -1.103531
[setup reg-reg] _13816_/Q -> _14266_/D : -1.101375
[setup reg-reg] _13816_/Q -> _14265_/D : -1.073912
[setup reg-reg] _13816_/Q -> _14271_/D : -1.065784
[setup reg-reg] _13816_/Q -> _14269_/D : -1.063423
[setup reg-reg] _13816_/Q -> _14199_/D : -1.059311
[setup reg-reg] _13816_/Q -> _14263_/D : -1.059274
[setup reg-reg] _13816_/Q -> _13813_/D : -1.033610
[setup reg-reg] _13816_/Q -> _13799_/D : -1.021136
[setup reg-reg] _13816_/Q -> _13812_/D : -1.011211
[setup reg-reg] _13816_/Q -> _14178_/D : -0.997508
[setup reg-reg] _13816_/Q -> _14201_/D : -0.971358
[setup reg-reg] _13816_/Q -> _14198_/D : -0.924231
[setup reg-reg] _13816_/Q -> _13803_/D : -0.917225
[setup reg-out] _13816_/Q -> uio_out[11] : -0.903879
[setup reg-reg] _13816_/Q -> _13802_/D : -0.887834
[setup reg-out] _13816_/Q -> uo_out[9] : -0.881445
[setup reg-out] _13816_/Q -> uo_out[10] : -0.879862
[setup reg-reg] _13816_/Q -> _14213_/D : -0.872933
[setup reg-reg] _13816_/Q -> _13804_/D : -0.857859
[setup reg-reg] _13816_/Q -> _14211_/D : -0.846574
[setup reg-out] _13816_/Q -> uo_out[8] : -0.845396
[setup reg-reg] _13816_/Q -> _14212_/D : -0.833557
[setup reg-out] _13816_/Q -> uo_out[12] : -0.814100
[setup reg-reg] _13816_/Q -> _14200_/D : -0.813618
[setup reg-reg] _13816_/Q -> _14197_/D : -0.794906
[setup reg-reg] _13816_/Q -> _13796_/D : -0.765027
[setup reg-out] _13816_/Q -> uo_out[11] : -0.745463
[setup reg-reg] _13816_/Q -> _14214_/D : -0.744413
[setup reg-reg] _13816_/Q -> _13784_/D : -0.729819
[setup reg-reg] _13816_/Q -> _13788_/D : -0.722560
[setup reg-reg] _13816_/Q -> _14215_/D : -0.710451
[setup reg-reg] _13816_/Q -> _13783_/D : -0.708425
[setup reg-reg] _13816_/Q -> _14176_/D : -0.708111
[setup reg-out] _13816_/Q -> uo_out[15] : -0.704921
[setup reg-reg] _13816_/Q -> _14141_/D : -0.684100
[setup reg-reg] _13816_/Q -> _13790_/D : -0.682981
[setup reg-reg] _13816_/Q -> _14177_/D : -0.675731
[setup reg-reg] _13816_/Q -> _14180_/D : -0.668630
[setup reg-out] _13816_/Q -> uo_out[14] : -0.660683
[setup reg-reg] _13816_/Q -> _14232_/D : -0.644970
[setup reg-reg] _13816_/Q -> _13808_/D : -0.638511
[setup reg-reg] _13816_/Q -> _14143_/D : -0.633102
[setup reg-reg] _13816_/Q -> _14270_/D : -0.631305
[setup reg-reg] _13816_/Q -> _13793_/D : -0.616969
[setup reg-reg] _13816_/Q -> _14196_/D : -0.607901
[setup reg-reg] _13816_/Q -> _14227_/D : -0.599663
[setup reg-reg] _13816_/Q -> _14260_/D : -0.566201
[setup reg-reg] _13816_/Q -> _14179_/D : -0.560295
[setup reg-reg] _13816_/Q -> _14298_/D : -0.553596
[setup reg-reg] _13816_/Q -> _14297_/D : -0.552783
[setup reg-reg] _13816_/Q -> _13940_/D : -0.551851
[setup reg-reg] _13816_/Q -> _13941_/D : -0.547534
[setup reg-out] _13816_/Q -> uo_out[13] : -0.536130
[setup reg-reg] _13816_/Q -> _13814_/D : -0.524688
[setup reg-reg] _13816_/Q -> _14139_/D : -0.522938
[setup reg-reg] _13816_/Q -> _14210_/D : -0.505497
[setup reg-reg] _13816_/Q -> _14250_/D : -0.501508
[setup reg-out] _13816_/Q -> uo_out[5] : -0.490012
[setup reg-reg] _13816_/Q -> _14208_/D : -0.473896
[setup reg-reg] _13816_/Q -> _14240_/D : -0.470624
[setup reg-reg] _13816_/Q -> _14142_/D : -0.447582
[setup reg-reg] _13816_/Q -> _14140_/D : -0.446669
[setup reg-reg] _13816_/Q -> _14209_/D : -0.437161
[setup reg-reg] _13816_/Q -> _14174_/D : -0.436907
[setup reg-reg] _13816_/Q -> _14195_/D : -0.423717
[setup reg-reg] _13816_/Q -> _14175_/D : -0.405871
[setup reg-reg] _13816_/Q -> _14242_/D : -0.373158
[setup reg-reg] _13816_/Q -> _14194_/D : -0.346738
[setup reg-out] _13816_/Q -> uo_out[6] : -0.341702
[setup reg-out] _13816_/Q -> uo_out[0] : -0.325263
[setup reg-reg] _13816_/Q -> _14207_/D : -0.314095
[setup reg-out] _13816_/Q -> uo_out[3] : -0.310443
[setup reg-out] _13816_/Q -> uo_out[2] : -0.285723
[setup reg-reg] _13816_/Q -> _14193_/D : -0.262522
[setup reg-reg] _13816_/Q -> _14172_/D : -0.252292
[setup reg-reg] _13816_/Q -> _14206_/D : -0.236346
[setup reg-reg] _13816_/Q -> _14137_/D : -0.193727
[setup reg-out] _13816_/Q -> uo_out[1] : -0.189821
[setup reg-reg] _13816_/Q -> _14138_/D : -0.183515
[setup reg-out] _13816_/Q -> uo_out[4] : -0.163759
[setup reg-reg] _13816_/Q -> _13942_/D : -0.160616
[setup reg-reg] _13816_/Q -> _14295_/D : -0.157038
[setup reg-reg] _13816_/Q -> _14301_/D : -0.153350
[setup reg-reg] _13816_/Q -> _14236_/D : -0.152985
[setup reg-reg] _13816_/Q -> _14173_/D : -0.129758
[setup reg-reg] _13816_/Q -> _14205_/D : -0.108320
[setup reg-reg] _13816_/Q -> _14192_/D : -0.095078
[setup reg-reg] _13816_/Q -> _14135_/D : -0.006448
