
===========================================================================
 report_power
============================================================================
======================= nom_slow_1p08V_125C Corner ===================================

Group                    Internal    Switching      Leakage        Total
                            Power        Power        Power        Power (Watts)
------------------------------------------------------------------------
Sequential           1.741154e-05 1.245836e-07 1.692637e-08 1.755305e-05  56.8%
Combinational        7.506545e-07 7.080066e-07 4.849661e-08 1.507158e-06   4.9%
Clock                8.633313e-06 3.139798e-06 6.910508e-08 1.184222e-05  38.3%
Macro                0.000000e+00 0.000000e+00 0.000000e+00 0.000000e+00   0.0%
Pad                  0.000000e+00 0.000000e+00 0.000000e+00 0.000000e+00   0.0%
------------------------------------------------------------------------
Total                2.679550e-05 3.972388e-06 1.345281e-07 3.090242e-05 100.0%
                            86.7%        12.9%         0.4%

