96. Printing statistics.

=== counter ===

        +----------Local Count, excluding submodules.
        | 
       14 wires
       35 wire bits
        4 public wires
       11 public wire bits
        4 ports
       11 port bits
       24 cells
        3   $_ANDNOT_
        3   $_NAND_
        1   $_NOT_
        2   $_OR_
        8   $_SDFFE_PN0P_
        3   $_XNOR_
        4   $_XOR_

   Area for cell type $_ANDNOT_ is unknown!
   Area for cell type $_NAND_ is unknown!
   Area for cell type $_NOT_ is unknown!
   Area for cell type $_OR_ is unknown!
   Area for cell type $_SDFFE_PN0P_ is unknown!
   Area for cell type $_XNOR_ is unknown!
   Area for cell type $_XOR_ is unknown!

