102. Printing statistics.

=== counter ===

        +----------Local Count, excluding submodules.
        |        +-Local Area, excluding submodules.
        |        | 
       30        - wires
       51        - wire bits
        4        - public wires
       11        - public wire bits
        4        - ports
       11        - port bits
       40   391.91 cells
        3        -   $_ANDNOT_
       16        -   $_MUX_
        3        -   $_NAND_
        1        -   $_NOT_
        2        -   $_OR_
        3        -   $_XNOR_
        4        -   $_XOR_
        8   391.91   sg13cmos5l_dfrbpq_1

   Area for cell type $_ANDNOT_ is unknown!
   Area for cell type $_MUX_ is unknown!
   Area for cell type $_NAND_ is unknown!
   Area for cell type $_NOT_ is unknown!
   Area for cell type $_OR_ is unknown!
   Area for cell type $_XNOR_ is unknown!
   Area for cell type $_XOR_ is unknown!

   Chip area for module '\counter': 391.910400
     of which used for sequential elements: 391.910400 (100.00%)

