+ analyze_power_grid -net VPWR -voltage_file /mnt/c/Users/si150/eda/designs/heichips26-template/macros/heichips26_digital_project/macros/counter/flow/librelane/runs/RUN_2026-08-04_10-49-28/56-openroad-irdropreport/net-VPWR.csv
[INFO PSM-0040] All shapes on net VPWR are connected.
########## IR report #################
Net              : VPWR
Corner           : nom_typ_1p20V_25C
Total power      : 3.91e-05 W
Supply voltage   : 1.20e+00 V
Worstcase voltage: 1.20e+00 V
Average voltage  : 1.20e+00 V
Average IR drop  : 2.07e-05 V
Worstcase IR drop: 1.42e-04 V
Percentage drop  : 0.01 %
######################################
+ analyze_power_grid -net VGND -voltage_file /mnt/c/Users/si150/eda/designs/heichips26-template/macros/heichips26_digital_project/macros/counter/flow/librelane/runs/RUN_2026-08-04_10-49-28/56-openroad-irdropreport/net-VGND.csv
[INFO PSM-0040] All shapes on net VGND are connected.
########## IR report #################
Net              : VGND
Corner           : nom_typ_1p20V_25C
Total power      : 3.91e-05 W
Supply voltage   : 0.00e+00 V
Worstcase voltage: 8.50e-05 V
Average voltage  : 1.60e-05 V
Average IR drop  : 1.60e-05 V
Worstcase IR drop: 8.50e-05 V
Percentage drop  : 0.01 %
######################################
