
===========================================================================
 report_power
============================================================================
======================= nom_fast_1p32V_m40C Corner ===================================

Group                    Internal    Switching      Leakage        Total
                            Power        Power        Power        Power (Watts)
------------------------------------------------------------------------
Sequential           2.627588e-05 2.003926e-07 7.707419e-09 2.648398e-05  54.2%
Combinational        1.205361e-06 1.168138e-06 2.875116e-08 2.402250e-06   4.9%
Clock                1.381126e-05 5.262589e-06 8.821396e-07 1.995599e-05  40.9%
Macro                0.000000e+00 0.000000e+00 0.000000e+00 0.000000e+00   0.0%
Pad                  0.000000e+00 0.000000e+00 0.000000e+00 0.000000e+00   0.0%
------------------------------------------------------------------------
Total                4.129250e-05 6.631119e-06 9.185982e-07 4.884222e-05 100.0%
                            84.5%        13.6%         1.9%

