110. Printing statistics.

=== counter ===

        +----------Local Count, excluding submodules.
        |        +-Local Area, excluding submodules.
        |        | 
       42        - wires
       49        - wire bits
        4        - public wires
       11        - public wire bits
        4        - ports
       11        - port bits
       46  762.048 cells
        3   27.216   sg13cmos5l_a21oi_1
        1    9.072   sg13cmos5l_and2_1
        1   14.515   sg13cmos5l_buf_4
        8   391.91   sg13cmos5l_dfrbpq_1
        2   10.886   sg13cmos5l_inv_1
        1   18.144   sg13cmos5l_mux2_1
        2   14.515   sg13cmos5l_nand2_1
        2   18.144   sg13cmos5l_nand3_1
        2   21.773   sg13cmos5l_nand4_1
        4    29.03   sg13cmos5l_nor2_1
        1    9.072   sg13cmos5l_nor2b_1
        1    16.33   sg13cmos5l_nor3_2
        3   27.216   sg13cmos5l_o21ai_1
        3   38.102   sg13cmos5l_or3_1
        8   58.061   sg13cmos5l_tiehi
        1   14.515   sg13cmos5l_xnor2_1
        3   43.546   sg13cmos5l_xor2_1

   Chip area for module '\counter': 762.048000
     of which used for sequential elements: 391.910400 (51.43%)

