
Circuit 1 cell sg13_lv_nmos and Circuit 2 cell sg13_lv_nmos are black boxes.
Warning: Equate pins:  cell sg13_lv_nmos is a placeholder, treated as a black box.
Warning: Equate pins:  cell sg13_lv_nmos is a placeholder, treated as a black box.

Subcircuit pins:
Circuit 1: sg13_lv_nmos                    |Circuit 2: sg13_lv_nmos                    
-------------------------------------------|-------------------------------------------
1                                          |1                                          
2                                          |2                                          
3                                          |3                                          
4                                          |4                                          
---------------------------------------------------------------------------------------
Cell pin lists are equivalent.
Device classes sg13_lv_nmos and sg13_lv_nmos are equivalent.

Circuit 1 cell sg13_lv_pmos and Circuit 2 cell sg13_lv_pmos are black boxes.
Warning: Equate pins:  cell sg13_lv_pmos is a placeholder, treated as a black box.
Warning: Equate pins:  cell sg13_lv_pmos is a placeholder, treated as a black box.

Subcircuit pins:
Circuit 1: sg13_lv_pmos                    |Circuit 2: sg13_lv_pmos                    
-------------------------------------------|-------------------------------------------
1                                          |1                                          
2                                          |2                                          
3                                          |3                                          
4                                          |4                                          
---------------------------------------------------------------------------------------
Cell pin lists are equivalent.
Device classes sg13_lv_pmos and sg13_lv_pmos are equivalent.
Flattening unmatched subcell inverter in circuit heichips26_analog_project (1)(2 instances)

Cell heichips26_analog_project (0) disconnected node: clk
Cell heichips26_analog_project (0) disconnected node: ena
Cell heichips26_analog_project (0) disconnected node: rst_n
Cell heichips26_analog_project (0) disconnected node: ui_in[1]
Cell heichips26_analog_project (0) disconnected node: ui_in[2]
Cell heichips26_analog_project (0) disconnected node: ui_in[3]
Cell heichips26_analog_project (0) disconnected node: ui_in[4]
Cell heichips26_analog_project (0) disconnected node: ui_in[5]
Cell heichips26_analog_project (0) disconnected node: ui_in[6]
Cell heichips26_analog_project (0) disconnected node: ui_in[7]
Cell heichips26_analog_project (0) disconnected node: uio_in[0]
Cell heichips26_analog_project (0) disconnected node: uio_in[1]
Cell heichips26_analog_project (0) disconnected node: uio_in[2]
Cell heichips26_analog_project (0) disconnected node: uio_in[3]
Cell heichips26_analog_project (0) disconnected node: uio_in[4]
Cell heichips26_analog_project (0) disconnected node: uio_in[5]
Cell heichips26_analog_project (0) disconnected node: uio_in[6]
Cell heichips26_analog_project (0) disconnected node: uio_in[7]
Cell heichips26_analog_project (0) disconnected node: uio_oe[0]
Cell heichips26_analog_project (0) disconnected node: uio_oe[1]
Cell heichips26_analog_project (0) disconnected node: uio_oe[2]
Cell heichips26_analog_project (0) disconnected node: uio_oe[3]
Cell heichips26_analog_project (0) disconnected node: uio_oe[4]
Cell heichips26_analog_project (0) disconnected node: uio_oe[5]
Cell heichips26_analog_project (0) disconnected node: uio_oe[6]
Cell heichips26_analog_project (0) disconnected node: uio_oe[7]
Cell heichips26_analog_project (0) disconnected node: uio_out[0]
Cell heichips26_analog_project (0) disconnected node: uio_out[1]
Cell heichips26_analog_project (0) disconnected node: uio_out[2]
Cell heichips26_analog_project (0) disconnected node: uio_out[3]
Cell heichips26_analog_project (0) disconnected node: uio_out[4]
Cell heichips26_analog_project (0) disconnected node: uio_out[5]
Cell heichips26_analog_project (0) disconnected node: uio_out[6]
Cell heichips26_analog_project (0) disconnected node: uio_out[7]
Cell heichips26_analog_project (0) disconnected node: uo_out[0]
Cell heichips26_analog_project (0) disconnected node: uo_out[1]
Cell heichips26_analog_project (0) disconnected node: uo_out[2]
Cell heichips26_analog_project (0) disconnected node: uo_out[3]
Cell heichips26_analog_project (0) disconnected node: uo_out[4]
Cell heichips26_analog_project (0) disconnected node: uo_out[5]
Cell heichips26_analog_project (0) disconnected node: uo_out[6]
Cell heichips26_analog_project (0) disconnected node: uo_out[7]
Cell heichips26_analog_project (1) disconnected node: rst_n
Cell heichips26_analog_project (1) disconnected node: clk
Cell heichips26_analog_project (1) disconnected node: ena
Cell heichips26_analog_project (1) disconnected node: uio_in[7]
Cell heichips26_analog_project (1) disconnected node: uio_in[6]
Cell heichips26_analog_project (1) disconnected node: uio_in[5]
Cell heichips26_analog_project (1) disconnected node: uio_in[4]
Cell heichips26_analog_project (1) disconnected node: uio_in[3]
Cell heichips26_analog_project (1) disconnected node: uio_in[2]
Cell heichips26_analog_project (1) disconnected node: uio_in[1]
Cell heichips26_analog_project (1) disconnected node: uio_in[0]
Cell heichips26_analog_project (1) disconnected node: ui_in[7]
Cell heichips26_analog_project (1) disconnected node: ui_in[6]
Cell heichips26_analog_project (1) disconnected node: ui_in[5]
Cell heichips26_analog_project (1) disconnected node: ui_in[4]
Cell heichips26_analog_project (1) disconnected node: ui_in[3]
Cell heichips26_analog_project (1) disconnected node: ui_in[2]
Cell heichips26_analog_project (1) disconnected node: ui_in[1]
Cell heichips26_analog_project (1) disconnected node: uio_oe[7]
Cell heichips26_analog_project (1) disconnected node: uio_oe[6]
Cell heichips26_analog_project (1) disconnected node: uio_oe[5]
Cell heichips26_analog_project (1) disconnected node: uio_oe[4]
Cell heichips26_analog_project (1) disconnected node: uio_oe[3]
Cell heichips26_analog_project (1) disconnected node: uio_oe[2]
Cell heichips26_analog_project (1) disconnected node: uio_oe[1]
Cell heichips26_analog_project (1) disconnected node: uio_oe[0]
Cell heichips26_analog_project (1) disconnected node: uio_out[7]
Cell heichips26_analog_project (1) disconnected node: uio_out[6]
Cell heichips26_analog_project (1) disconnected node: uio_out[5]
Cell heichips26_analog_project (1) disconnected node: uio_out[4]
Cell heichips26_analog_project (1) disconnected node: uio_out[3]
Cell heichips26_analog_project (1) disconnected node: uio_out[2]
Cell heichips26_analog_project (1) disconnected node: uio_out[1]
Cell heichips26_analog_project (1) disconnected node: uio_out[0]
Cell heichips26_analog_project (1) disconnected node: uo_out[7]
Cell heichips26_analog_project (1) disconnected node: uo_out[6]
Cell heichips26_analog_project (1) disconnected node: uo_out[5]
Cell heichips26_analog_project (1) disconnected node: uo_out[4]
Cell heichips26_analog_project (1) disconnected node: uo_out[3]
Cell heichips26_analog_project (1) disconnected node: uo_out[2]
Cell heichips26_analog_project (1) disconnected node: uo_out[1]
Cell heichips26_analog_project (1) disconnected node: uo_out[0]
Class heichips26_analog_project (0):  Merged 82 parallel devices.
Class heichips26_analog_project (1):  Merged 2 parallel devices.
Cell heichips26_analog_project (0) disconnected node: clk
Cell heichips26_analog_project (0) disconnected node: ena
Cell heichips26_analog_project (0) disconnected node: rst_n
Cell heichips26_analog_project (0) disconnected node: ui_in[1]
Cell heichips26_analog_project (0) disconnected node: ui_in[2]
Cell heichips26_analog_project (0) disconnected node: ui_in[3]
Cell heichips26_analog_project (0) disconnected node: ui_in[4]
Cell heichips26_analog_project (0) disconnected node: ui_in[5]
Cell heichips26_analog_project (0) disconnected node: ui_in[6]
Cell heichips26_analog_project (0) disconnected node: ui_in[7]
Cell heichips26_analog_project (0) disconnected node: uio_in[0]
Cell heichips26_analog_project (0) disconnected node: uio_in[1]
Cell heichips26_analog_project (0) disconnected node: uio_in[2]
Cell heichips26_analog_project (0) disconnected node: uio_in[3]
Cell heichips26_analog_project (0) disconnected node: uio_in[4]
Cell heichips26_analog_project (0) disconnected node: uio_in[5]
Cell heichips26_analog_project (0) disconnected node: uio_in[6]
Cell heichips26_analog_project (0) disconnected node: uio_in[7]
Cell heichips26_analog_project (0) disconnected node: uio_oe[0]
Cell heichips26_analog_project (0) disconnected node: uio_oe[1]
Cell heichips26_analog_project (0) disconnected node: uio_oe[2]
Cell heichips26_analog_project (0) disconnected node: uio_oe[3]
Cell heichips26_analog_project (0) disconnected node: uio_oe[4]
Cell heichips26_analog_project (0) disconnected node: uio_oe[5]
Cell heichips26_analog_project (0) disconnected node: uio_oe[6]
Cell heichips26_analog_project (0) disconnected node: uio_oe[7]
Cell heichips26_analog_project (0) disconnected node: uio_out[0]
Cell heichips26_analog_project (0) disconnected node: uio_out[1]
Cell heichips26_analog_project (0) disconnected node: uio_out[2]
Cell heichips26_analog_project (0) disconnected node: uio_out[3]
Cell heichips26_analog_project (0) disconnected node: uio_out[4]
Cell heichips26_analog_project (0) disconnected node: uio_out[5]
Cell heichips26_analog_project (0) disconnected node: uio_out[6]
Cell heichips26_analog_project (0) disconnected node: uio_out[7]
Cell heichips26_analog_project (0) disconnected node: uo_out[0]
Cell heichips26_analog_project (0) disconnected node: uo_out[1]
Cell heichips26_analog_project (0) disconnected node: uo_out[2]
Cell heichips26_analog_project (0) disconnected node: uo_out[3]
Cell heichips26_analog_project (0) disconnected node: uo_out[4]
Cell heichips26_analog_project (0) disconnected node: uo_out[5]
Cell heichips26_analog_project (0) disconnected node: uo_out[6]
Cell heichips26_analog_project (0) disconnected node: uo_out[7]
Cell heichips26_analog_project (1) disconnected node: rst_n
Cell heichips26_analog_project (1) disconnected node: clk
Cell heichips26_analog_project (1) disconnected node: ena
Cell heichips26_analog_project (1) disconnected node: uio_in[7]
Cell heichips26_analog_project (1) disconnected node: uio_in[6]
Cell heichips26_analog_project (1) disconnected node: uio_in[5]
Cell heichips26_analog_project (1) disconnected node: uio_in[4]
Cell heichips26_analog_project (1) disconnected node: uio_in[3]
Cell heichips26_analog_project (1) disconnected node: uio_in[2]
Cell heichips26_analog_project (1) disconnected node: uio_in[1]
Cell heichips26_analog_project (1) disconnected node: uio_in[0]
Cell heichips26_analog_project (1) disconnected node: ui_in[7]
Cell heichips26_analog_project (1) disconnected node: ui_in[6]
Cell heichips26_analog_project (1) disconnected node: ui_in[5]
Cell heichips26_analog_project (1) disconnected node: ui_in[4]
Cell heichips26_analog_project (1) disconnected node: ui_in[3]
Cell heichips26_analog_project (1) disconnected node: ui_in[2]
Cell heichips26_analog_project (1) disconnected node: ui_in[1]
Cell heichips26_analog_project (1) disconnected node: uio_oe[7]
Cell heichips26_analog_project (1) disconnected node: uio_oe[6]
Cell heichips26_analog_project (1) disconnected node: uio_oe[5]
Cell heichips26_analog_project (1) disconnected node: uio_oe[4]
Cell heichips26_analog_project (1) disconnected node: uio_oe[3]
Cell heichips26_analog_project (1) disconnected node: uio_oe[2]
Cell heichips26_analog_project (1) disconnected node: uio_oe[1]
Cell heichips26_analog_project (1) disconnected node: uio_oe[0]
Cell heichips26_analog_project (1) disconnected node: uio_out[7]
Cell heichips26_analog_project (1) disconnected node: uio_out[6]
Cell heichips26_analog_project (1) disconnected node: uio_out[5]
Cell heichips26_analog_project (1) disconnected node: uio_out[4]
Cell heichips26_analog_project (1) disconnected node: uio_out[3]
Cell heichips26_analog_project (1) disconnected node: uio_out[2]
Cell heichips26_analog_project (1) disconnected node: uio_out[1]
Cell heichips26_analog_project (1) disconnected node: uio_out[0]
Cell heichips26_analog_project (1) disconnected node: uo_out[7]
Cell heichips26_analog_project (1) disconnected node: uo_out[6]
Cell heichips26_analog_project (1) disconnected node: uo_out[5]
Cell heichips26_analog_project (1) disconnected node: uo_out[4]
Cell heichips26_analog_project (1) disconnected node: uo_out[3]
Cell heichips26_analog_project (1) disconnected node: uo_out[2]
Cell heichips26_analog_project (1) disconnected node: uo_out[1]
Cell heichips26_analog_project (1) disconnected node: uo_out[0]
Subcircuit summary:
Circuit 1: heichips26_analog_project       |Circuit 2: heichips26_analog_project       
-------------------------------------------|-------------------------------------------
sg13_lv_pmos (46->5)                       |sg13_lv_pmos (6->5)                        
sg13_lv_nmos (44->3)                       |sg13_lv_nmos (4->3)                        
Number of devices: 8                       |Number of devices: 8                       
Number of nets: 7                          |Number of nets: 7                          
---------------------------------------------------------------------------------------
Resolving symmetries by property value.
Resolving symmetries by pin name.
Netlists match uniquely with property errors.
sg13_lv_nmos:1 vs. inverter:3/sg13_lv_nmos:Mdummy1:
Property mm_ok in circuit2 has no matching property in circuit1
sg13_lv_nmos:2 vs. inverter:3/sg13_lv_nmos:M1:
Property mm_ok in circuit2 has no matching property in circuit1
sg13_lv_nmos:22 vs. inverter:4/sg13_lv_nmos:M1:
Property mm_ok in circuit2 has no matching property in circuit1
sg13_lv_pmos:0 vs. inverter:3/sg13_lv_pmos:Mdummy2:
Property mm_ok in circuit2 has no matching property in circuit1
sg13_lv_pmos:3 vs. inverter:3/sg13_lv_pmos:M2:
Property mm_ok in circuit2 has no matching property in circuit1
sg13_lv_pmos:4 vs. inverter:4/sg13_lv_pmos:M2:
Property mm_ok in circuit2 has no matching property in circuit1
sg13_lv_pmos:37 vs. sg13_lv_pmos:M1:
Property mm_ok in circuit2 has no matching property in circuit1
sg13_lv_pmos:37 vs. sg13_lv_pmos:M1:
Property mm_ok in circuit2 has no matching property in circuit1
sg13_lv_pmos:85 vs. sg13_lv_pmos:M2:
Property mm_ok in circuit2 has no matching property in circuit1
sg13_lv_pmos:85 vs. sg13_lv_pmos:M2:
Property mm_ok in circuit2 has no matching property in circuit1

Subcircuit pins:
Circuit 1: heichips26_analog_project       |Circuit 2: heichips26_analog_project       
-------------------------------------------|-------------------------------------------
VPWR                                       |VPWR                                       
ui_in[0]                                   |ui_in[0]                                   
analog_0                                   |analog_0                                   
analog_2                                   |analog_2                                   
analog_1                                   |analog_1                                   
VGND                                       |VGND                                       
VAPWR                                      |VAPWR                                      
clk                                        |clk                                        
ena                                        |ena                                        
rst_n                                      |rst_n                                      
ui_in[1]                                   |ui_in[1]                                   
ui_in[2]                                   |ui_in[2]                                   
ui_in[3]                                   |ui_in[3]                                   
ui_in[4]                                   |ui_in[4]                                   
ui_in[5]                                   |ui_in[5]                                   
ui_in[6]                                   |ui_in[6]                                   
ui_in[7]                                   |ui_in[7]                                   
uio_in[0]                                  |uio_in[0]                                  
uio_in[1]                                  |uio_in[1]                                  
uio_in[2]                                  |uio_in[2]                                  
uio_in[3]                                  |uio_in[3]                                  
uio_in[4]                                  |uio_in[4]                                  
uio_in[5]                                  |uio_in[5]                                  
uio_in[6]                                  |uio_in[6]                                  
uio_in[7]                                  |uio_in[7]                                  
uio_oe[0]                                  |uio_oe[0]                                  
uio_oe[1]                                  |uio_oe[1]                                  
uio_oe[2]                                  |uio_oe[2]                                  
uio_oe[3]                                  |uio_oe[3]                                  
uio_oe[4]                                  |uio_oe[4]                                  
uio_oe[5]                                  |uio_oe[5]                                  
uio_oe[6]                                  |uio_oe[6]                                  
uio_oe[7]                                  |uio_oe[7]                                  
uio_out[0]                                 |uio_out[0]                                 
uio_out[1]                                 |uio_out[1]                                 
uio_out[2]                                 |uio_out[2]                                 
uio_out[3]                                 |uio_out[3]                                 
uio_out[4]                                 |uio_out[4]                                 
uio_out[5]                                 |uio_out[5]                                 
uio_out[6]                                 |uio_out[6]                                 
uio_out[7]                                 |uio_out[7]                                 
uo_out[0]                                  |uo_out[0]                                  
uo_out[1]                                  |uo_out[1]                                  
uo_out[2]                                  |uo_out[2]                                  
uo_out[3]                                  |uo_out[3]                                  
uo_out[4]                                  |uo_out[4]                                  
uo_out[5]                                  |uo_out[5]                                  
uo_out[6]                                  |uo_out[6]                                  
uo_out[7]                                  |uo_out[7]                                  
---------------------------------------------------------------------------------------
Cell pin lists are equivalent.
Device classes heichips26_analog_project and heichips26_analog_project are equivalent.

Final result: Circuits match uniquely.
Property errors were found.

The following cells had property errors:
 heichips26_analog_project
